Archive member included because of file (symbol)

C:/CSDTK42/SDK/build/app/init/lib\libinit_debug.a(sdk.o)
                              (user_Main)
C:/CSDTK42/SDK/build/app/libs/lib\liblibs_debug.a(api_event.o)
                              C:/CSDTK42/SDK/build/app/init/lib\libinit_debug.a(sdk.o) (Event_free)
C:/CSDTK42/SDK/build/app/libs/lib\liblibs_debug.a(assert.o)
                              C:/CSDTK42/SDK/build/app/init/lib\libinit_debug.a(sdk.o) (Assert)
C:/CSDTK42/SDK/build/app/app/lib\libapp_debug.a(Main.o)
                              C:/CSDTK42/SDK/build/app/init/lib\libinit_debug.a(sdk.o) (Main)

Allocating common symbols
Common symbol       size              file

temp000___          0x4               C:/CSDTK42/SDK/build/app/init/lib\libinit_debug.a(sdk.o)
outBuffer           0x100             C:/CSDTK42/SDK/build/app/libs/lib\liblibs_debug.a(assert.o)

Discarded input sections

 .text          0x0000000000000000        0x0 C:/CSDTK42/SDK/build/app/init/lib\libinit_debug.a(sdk.o)
 .data          0x0000000000000000        0x0 C:/CSDTK42/SDK/build/app/init/lib\libinit_debug.a(sdk.o)
 .bss           0x0000000000000000        0x0 C:/CSDTK42/SDK/build/app/init/lib\libinit_debug.a(sdk.o)
 .pdr           0x0000000000000000      0x1c0 C:/CSDTK42/SDK/build/app/init/lib\libinit_debug.a(sdk.o)
 .text.Key_EventManagment_init
                0x0000000000000000        0xc C:/CSDTK42/SDK/build/app/init/lib\libinit_debug.a(sdk.o)
 .text.PM_EventManagment_init
                0x0000000000000000        0xc C:/CSDTK42/SDK/build/app/init/lib\libinit_debug.a(sdk.o)
 .text.SS_EventManagment_init
                0x0000000000000000        0xc C:/CSDTK42/SDK/build/app/init/lib\libinit_debug.a(sdk.o)
 .text.SMS_EventManagment_init
                0x0000000000000000        0xc C:/CSDTK42/SDK/build/app/init/lib\libinit_debug.a(sdk.o)
 .text.UART_EventManagment_init
                0x0000000000000000        0xc C:/CSDTK42/SDK/build/app/init/lib\libinit_debug.a(sdk.o)
 .text.GPS_EventManagment_init
                0x0000000000000000        0xc C:/CSDTK42/SDK/build/app/init/lib\libinit_debug.a(sdk.o)
 .text.NETWORK_EventManagment_init
                0x0000000000000000        0xc C:/CSDTK42/SDK/build/app/init/lib\libinit_debug.a(sdk.o)
 .text.getSysReady
                0x0000000000000000        0xc C:/CSDTK42/SDK/build/app/init/lib\libinit_debug.a(sdk.o)
 .text.getOsTaskHandle
                0x0000000000000000        0xc C:/CSDTK42/SDK/build/app/init/lib\libinit_debug.a(sdk.o)
 .text.getMainTaskHandle
                0x0000000000000000        0xc C:/CSDTK42/SDK/build/app/init/lib\libinit_debug.a(sdk.o)
 .text          0x0000000000000000        0x0 C:/CSDTK42/SDK/build/app/libs/lib\liblibs_debug.a(api_event.o)
 .data          0x0000000000000000        0x0 C:/CSDTK42/SDK/build/app/libs/lib\liblibs_debug.a(api_event.o)
 .bss           0x0000000000000000        0x0 C:/CSDTK42/SDK/build/app/libs/lib\liblibs_debug.a(api_event.o)
 .reginfo       0x0000000000000000       0x18 C:/CSDTK42/SDK/build/app/libs/lib\liblibs_debug.a(api_event.o)
 .pdr           0x0000000000000000       0x20 C:/CSDTK42/SDK/build/app/libs/lib\liblibs_debug.a(api_event.o)
 .text          0x0000000000000000        0x0 C:/CSDTK42/SDK/build/app/libs/lib\liblibs_debug.a(assert.o)
 .data          0x0000000000000000        0x0 C:/CSDTK42/SDK/build/app/libs/lib\liblibs_debug.a(assert.o)
 .bss           0x0000000000000000        0x0 C:/CSDTK42/SDK/build/app/libs/lib\liblibs_debug.a(assert.o)
 .reginfo       0x0000000000000000       0x18 C:/CSDTK42/SDK/build/app/libs/lib\liblibs_debug.a(assert.o)
 .pdr           0x0000000000000000       0x20 C:/CSDTK42/SDK/build/app/libs/lib\liblibs_debug.a(assert.o)
 COMMON         0x0000000000000000      0x100 C:/CSDTK42/SDK/build/app/libs/lib\liblibs_debug.a(assert.o)
 .text          0x0000000000000000        0x0 C:/CSDTK42/SDK/build/app/app/lib\libapp_debug.a(Main.o)
 .data          0x0000000000000000        0x0 C:/CSDTK42/SDK/build/app/app/lib\libapp_debug.a(Main.o)
 .bss           0x0000000000000000        0x0 C:/CSDTK42/SDK/build/app/app/lib\libapp_debug.a(Main.o)
 .reginfo       0x0000000000000000       0x18 C:/CSDTK42/SDK/build/app/app/lib\libapp_debug.a(Main.o)
 .pdr           0x0000000000000000       0x20 C:/CSDTK42/SDK/build/app/app/lib\libapp_debug.a(Main.o)

Memory Configuration

Name             Origin             Length             Attributes
*default*        0x0000000000000000 0xffffffffffffffff

Linker script and memory map

LOAD C:/CSDTK42/SDK/platform/chip/rom/8955/lib/mem_bridge_rom_CHIP.elf
                0xffffffff88240000                . = 0xffffffff88240000
                0xffffffff88240000                __rom_start = .

.section_init   0xffffffff88240000       0x10
 *(.section_init)
 .section_init  0xffffffff88240000        0x8 C:/CSDTK42/SDK/build/app/init/lib\libinit_debug.a(sdk.o)
                0xffffffff88240010                . = ALIGN (0x10)
 *fill*         0xffffffff88240008        0x8 00

.cust_rotext    0xffffffff88240010      0x290
 *(.text)
 *(.text.*)
 .text.StartUserAPP
                0xffffffff88240010       0x7c C:/CSDTK42/SDK/build/app/init/lib\libinit_debug.a(sdk.o)
 .text.user_Main
                0xffffffff8824008c       0x58 C:/CSDTK42/SDK/build/app/init/lib\libinit_debug.a(sdk.o)
                0xffffffff8824008d                user_Main
 .text.user_Init
                0xffffffff882400e4       0x48 C:/CSDTK42/SDK/build/app/init/lib\libinit_debug.a(sdk.o)
                0xffffffff882400e5                user_Init
 .text.OSTask   0xffffffff8824012c       0xdc C:/CSDTK42/SDK/build/app/init/lib\libinit_debug.a(sdk.o)
 .text.Event_free
                0xffffffff88240208       0x34 C:/CSDTK42/SDK/build/app/libs/lib\liblibs_debug.a(api_event.o)
                0xffffffff88240209                Event_free
 .text.Assert   0xffffffff8824023c       0x20 C:/CSDTK42/SDK/build/app/libs/lib\liblibs_debug.a(assert.o)
                0xffffffff8824023d                Assert
 .text.Main     0xffffffff8824025c       0x28 C:/CSDTK42/SDK/build/app/app/lib\libapp_debug.a(Main.o)
                0xffffffff8824025d                Main
 *(.stub .gnu.linkonce.t.*)
                0xffffffff882402a0                . = ALIGN (0x20)
 *fill*         0xffffffff88240284       0x1c 00

.cust_rodata    0xffffffff882402a0       0x80
 *(.rdata)
 *(.rodata)
 *(.rodata.*)
 .rodata.str1.4
                0xffffffff882402a0       0x46 C:/CSDTK42/SDK/build/app/init/lib\libinit_debug.a(sdk.o)
                                         0x48 (size before relaxing)
 *fill*         0xffffffff882402e6        0x2 00
 .rodata.str1.4
                0xffffffff882402e8       0x1c C:/CSDTK42/SDK/build/app/app/lib\libapp_debug.a(Main.o)
 *(.rodata.*_png)
 *(.gnu.linkonce.r.*)
 *(.rodata1)
 *(.roresdata)
 *(.robsdata)
                0xffffffff88240320                . = ALIGN (0x20)
 *fill*         0xffffffff88240304       0x1c 00
                0xffffffff88240320                __user_rw_lma = .
                0x0000000000000320                __rom_size = (__user_rw_lma - __rom_start)
                0xffffffff82300000                . = 0xffffffff82300000

.cust_data      0xffffffff82300000       0x10 load address 0xffffffff88240320
                0xffffffff82300000                __user_rw_start = .
 *(.data)
 *(.data.*)
 .data.bootState
                0xffffffff82300000        0x1 C:/CSDTK42/SDK/build/app/init/lib\libinit_debug.a(sdk.o)
 *(.gnu.linkonce.d.*)
 *(.sdata .sdata.* .gnu.linkonce.s.*)
 *(.sdata2 .sdata2.* .gnu.linkonce.s2.*)
                0xffffffff82300010                . = ALIGN (0x10)
 *fill*         0xffffffff82300001        0xf 00
                0xffffffff82300010                __user_rw_end = .
                0x0000000000000010                __user_rw_size = (__user_rw_end - __user_rw_start)
                0xffffffff82300010                __user_bss_start = .

.cust_bss       0xffffffff82300010       0x30
 *(.sbss .sbss.* .gnu.linkonce.sb.*)
 *(.sbss2 .sbss2.* .gnu.linkonce.sb2.*)
 *(.scommon)
 .scommon       0xffffffff82300010        0x4 C:/CSDTK42/SDK/build/app/init/lib\libinit_debug.a(sdk.o)
                0xffffffff82300010                temp000___
 *(.dynbss)
 *(.bss .bss.* .gnu.linkonce.b.*)
 .bss.g_InterfaceVtbl
                0xffffffff82300014        0x4 C:/CSDTK42/SDK/build/app/init/lib\libinit_debug.a(sdk.o)
                0xffffffff82300014                g_InterfaceVtbl
 .bss.osTaskHandle
                0xffffffff82300018        0x4 C:/CSDTK42/SDK/build/app/init/lib\libinit_debug.a(sdk.o)
 .bss.EventManagment_PM
                0xffffffff8230001c        0x4 C:/CSDTK42/SDK/build/app/init/lib\libinit_debug.a(sdk.o)
 .bss.SysReady  0xffffffff82300020        0x1 C:/CSDTK42/SDK/build/app/init/lib\libinit_debug.a(sdk.o)
 *fill*         0xffffffff82300021        0x3 00
 .bss.EventManagment_KEY
                0xffffffff82300024        0x4 C:/CSDTK42/SDK/build/app/init/lib\libinit_debug.a(sdk.o)
 .bss.EventManagment_USSD
                0xffffffff82300028        0x4 C:/CSDTK42/SDK/build/app/init/lib\libinit_debug.a(sdk.o)
 .bss.EventManagment_SMS
                0xffffffff8230002c        0x4 C:/CSDTK42/SDK/build/app/init/lib\libinit_debug.a(sdk.o)
 .bss.EventManagment_UART
                0xffffffff82300030        0x4 C:/CSDTK42/SDK/build/app/init/lib\libinit_debug.a(sdk.o)
 .bss.EventManagment_GPS
                0xffffffff82300034        0x4 C:/CSDTK42/SDK/build/app/init/lib\libinit_debug.a(sdk.o)
 .bss.EventManagment_NETWORK
                0xffffffff82300038        0x4 C:/CSDTK42/SDK/build/app/init/lib\libinit_debug.a(sdk.o)
 .bss.mainTaskHandle
                0xffffffff8230003c        0x4 C:/CSDTK42/SDK/build/app/init/lib\libinit_debug.a(sdk.o)
 *(COMMON)
 *(.rambss)
                0xffffffff82300040                . = ALIGN (0x10)
                0xffffffff82300040                __user_bss_end = .
                0x0000000000000030                __user_bss_size = (__user_bss_end - __user_bss_start)

.stab
 *(.stab)

.stabstr
 *(.stabstr)

.stab.excl
 *(.stab.excl)

.stab.exclstr
 *(.stab.exclstr)

.stab.index
 *(.stab.index)

.stab.indexstr
 *(.stab.indexstr)

.reginfo        0x0000000000000000       0x18
 .reginfo       0x0000000000000000       0x18 C:/CSDTK42/SDK/build/app/init/lib\libinit_debug.a(sdk.o)

.mdebug.abi32   0x0000000000000000        0x0
 .mdebug.abi32  0x0000000000000000        0x0 C:/CSDTK42/SDK/build/app/init/lib\libinit_debug.a(sdk.o)
 .mdebug.abi32  0x0000000000000000        0x0 C:/CSDTK42/SDK/build/app/libs/lib\liblibs_debug.a(api_event.o)
 .mdebug.abi32  0x0000000000000000        0x0 C:/CSDTK42/SDK/build/app/libs/lib\liblibs_debug.a(assert.o)
 .mdebug.abi32  0x0000000000000000        0x0 C:/CSDTK42/SDK/build/app/app/lib\libapp_debug.a(Main.o)

.gnu.attributes
                0x0000000000000000       0x10
 .gnu.attributes
                0x0000000000000000       0x10 C:/CSDTK42/SDK/build/app/init/lib\libinit_debug.a(sdk.o)
 .gnu.attributes
                0x0000000000000010       0x10 C:/CSDTK42/SDK/build/app/libs/lib\liblibs_debug.a(api_event.o)
 .gnu.attributes
                0x0000000000000020       0x10 C:/CSDTK42/SDK/build/app/libs/lib\liblibs_debug.a(assert.o)
 .gnu.attributes
                0x0000000000000030       0x10 C:/CSDTK42/SDK/build/app/app/lib\libapp_debug.a(Main.o)

.comment        0x0000000000000000       0x25
 *(.comment)
 .comment       0x0000000000000000       0x25 C:/CSDTK42/SDK/build/app/init/lib\libinit_debug.a(sdk.o)
                                         0x26 (size before relaxing)
 .comment       0x0000000000000000       0x26 C:/CSDTK42/SDK/build/app/libs/lib\liblibs_debug.a(api_event.o)
 .comment       0x0000000000000000       0x26 C:/CSDTK42/SDK/build/app/libs/lib\liblibs_debug.a(assert.o)
 .comment       0x0000000000000000       0x26 C:/CSDTK42/SDK/build/app/app/lib\libapp_debug.a(Main.o)

.debug
 *(.debug)

.line
 *(.line)

.debug_srcinfo
 *(.debug_srcinfo)

.debug_sfnames
 *(.debug_sfnames)

.debug_aranges  0x0000000000000000       0xe8
 *(.debug_aranges)
 .debug_aranges
                0x0000000000000000       0x88 C:/CSDTK42/SDK/build/app/init/lib\libinit_debug.a(sdk.o)
 .debug_aranges
                0x0000000000000088       0x20 C:/CSDTK42/SDK/build/app/libs/lib\liblibs_debug.a(api_event.o)
 .debug_aranges
                0x00000000000000a8       0x20 C:/CSDTK42/SDK/build/app/libs/lib\liblibs_debug.a(assert.o)
 .debug_aranges
                0x00000000000000c8       0x20 C:/CSDTK42/SDK/build/app/app/lib\libapp_debug.a(Main.o)

.debug_pubnames
                0x0000000000000000      0x1b9
 *(.debug_pubnames)
 .debug_pubnames
                0x0000000000000000      0x152 C:/CSDTK42/SDK/build/app/init/lib\libinit_debug.a(sdk.o)
 .debug_pubnames
                0x0000000000000152       0x21 C:/CSDTK42/SDK/build/app/libs/lib\liblibs_debug.a(api_event.o)
 .debug_pubnames
                0x0000000000000173       0x2b C:/CSDTK42/SDK/build/app/libs/lib\liblibs_debug.a(assert.o)
 .debug_pubnames
                0x000000000000019e       0x1b C:/CSDTK42/SDK/build/app/app/lib\libapp_debug.a(Main.o)

.debug_info     0x0000000000000000    0x14ea8
 *(.debug_info .gnu.linkonce.wi.*)
 .debug_info    0x0000000000000000     0x5704 C:/CSDTK42/SDK/build/app/init/lib\libinit_debug.a(sdk.o)
 .debug_info    0x0000000000005704     0x5386 C:/CSDTK42/SDK/build/app/libs/lib\liblibs_debug.a(api_event.o)
 .debug_info    0x000000000000aa8a     0x522e C:/CSDTK42/SDK/build/app/libs/lib\liblibs_debug.a(assert.o)
 .debug_info    0x000000000000fcb8     0x51f0 C:/CSDTK42/SDK/build/app/app/lib\libapp_debug.a(Main.o)

.debug_abbrev   0x0000000000000000      0x941
 *(.debug_abbrev)
 .debug_abbrev  0x0000000000000000      0x2cf C:/CSDTK42/SDK/build/app/init/lib\libinit_debug.a(sdk.o)
 .debug_abbrev  0x00000000000002cf      0x21e C:/CSDTK42/SDK/build/app/libs/lib\liblibs_debug.a(api_event.o)
 .debug_abbrev  0x00000000000004ed      0x245 C:/CSDTK42/SDK/build/app/libs/lib\liblibs_debug.a(assert.o)
 .debug_abbrev  0x0000000000000732      0x20f C:/CSDTK42/SDK/build/app/app/lib\libapp_debug.a(Main.o)

.debug_line     0x0000000000000000      0xaeb
 *(.debug_line)
 .debug_line    0x0000000000000000      0x39a C:/CSDTK42/SDK/build/app/init/lib\libinit_debug.a(sdk.o)
 .debug_line    0x000000000000039a      0x27b C:/CSDTK42/SDK/build/app/libs/lib\liblibs_debug.a(api_event.o)
 .debug_line    0x0000000000000615      0x273 C:/CSDTK42/SDK/build/app/libs/lib\liblibs_debug.a(assert.o)
 .debug_line    0x0000000000000888      0x263 C:/CSDTK42/SDK/build/app/app/lib\libapp_debug.a(Main.o)

.debug_frame    0x0000000000000000      0x1a4
 *(.debug_frame)
 .debug_frame   0x0000000000000000      0x120 C:/CSDTK42/SDK/build/app/init/lib\libinit_debug.a(sdk.o)
 .debug_frame   0x0000000000000120       0x30 C:/CSDTK42/SDK/build/app/libs/lib\liblibs_debug.a(api_event.o)
 .debug_frame   0x0000000000000150       0x28 C:/CSDTK42/SDK/build/app/libs/lib\liblibs_debug.a(assert.o)
 .debug_frame   0x0000000000000178       0x2c C:/CSDTK42/SDK/build/app/app/lib\libapp_debug.a(Main.o)

.debug_str      0x0000000000000000     0x4ca4
 *(.debug_str)
 .debug_str     0x0000000000000000     0x4c20 C:/CSDTK42/SDK/build/app/init/lib\libinit_debug.a(sdk.o)
                                       0x4e36 (size before relaxing)
 .debug_str     0x0000000000004c20       0x3c C:/CSDTK42/SDK/build/app/libs/lib\liblibs_debug.a(api_event.o)
                                       0x4bc8 (size before relaxing)
 .debug_str     0x0000000000004c5c       0x24 C:/CSDTK42/SDK/build/app/libs/lib\liblibs_debug.a(assert.o)
                                       0x4686 (size before relaxing)
 .debug_str     0x0000000000004c80       0x24 C:/CSDTK42/SDK/build/app/app/lib\libapp_debug.a(Main.o)
                                       0x466a (size before relaxing)

.debug_loc      0x0000000000000000      0x1b5
 *(.debug_loc)
 .debug_loc     0x0000000000000000       0xe0 C:/CSDTK42/SDK/build/app/init/lib\libinit_debug.a(sdk.o)
 .debug_loc     0x00000000000000e0       0x3d C:/CSDTK42/SDK/build/app/libs/lib\liblibs_debug.a(api_event.o)
 .debug_loc     0x000000000000011d       0x66 C:/CSDTK42/SDK/build/app/libs/lib\liblibs_debug.a(assert.o)
 .debug_loc     0x0000000000000183       0x32 C:/CSDTK42/SDK/build/app/app/lib\libapp_debug.a(Main.o)

.debug_macinfo
 *(.debug_macinfo)

.debug_weaknames
 *(.debug_weaknames)

.debug_funcnames
 *(.debug_funcnames)

.debug_typenames
 *(.debug_typenames)

.debug_varnames
 *(.debug_varnames)

.gptab.sdata
 *(.gptab.data)
 *(.gptab.sdata)

.gptab.sbss
 *(.gptab.bss)
 *(.gptab.sbss)

/DISCARD/
 *(.rel.dyn)
 *(.note.GNU-stack)
 *(.eh_frame)
START GROUP
LOAD C:/CSDTK42/SDK/build/app/init/lib\libinit_debug.a
LOAD C:/CSDTK42/SDK/build/app/libs/lib\liblibs_debug.a
LOAD C:/CSDTK42/SDK/build/app/app/lib\libapp_debug.a
END GROUP
LOAD C:/CSDTK42/SDK/platform/lib/gcc/mips-elf/4.4.2\libgcc.a
OUTPUT(C:/CSDTK42/SDK/build/app//app.elf elf32-littlemips)

.debug_ranges   0x0000000000000000       0xc8
 .debug_ranges  0x0000000000000000       0x80 C:/CSDTK42/SDK/build/app/init/lib\libinit_debug.a(sdk.o)
 .debug_ranges  0x0000000000000080       0x18 C:/CSDTK42/SDK/build/app/libs/lib\liblibs_debug.a(api_event.o)
 .debug_ranges  0x0000000000000098       0x18 C:/CSDTK42/SDK/build/app/libs/lib\liblibs_debug.a(assert.o)
 .debug_ranges  0x00000000000000b0       0x18 C:/CSDTK42/SDK/build/app/app/lib\libapp_debug.a(Main.o)
